com/u2ware/springfield/config/GenericMvcConfiguration.class
com/u2ware/springfield/repository/QueryMethodUtil$CustomEntityPathResolver.class
com/u2ware/springfield/config/SpringfieldNameSpaceHandler.class
com/u2ware/springfield/config/GenericMvc.class
com/u2ware/springfield/view/json/JsonView.class
com/u2ware/springfield/repository/QueryMethodUtil.class
com/u2ware/springfield/service/ValidationGroup$Edit.class
com/u2ware/springfield/config/GenericMvcAutoConfigurationRegistar$EnableGenericMvcConfiguration.class
com/u2ware/springfield/config/GenericMvcBeanDefinitionConfiguration$1.class
com/u2ware/springfield/service/GenericServiceImpl.class
com/u2ware/springfield/config/EnableGenericMvc.class
com/u2ware/springfield/repository/GenericRepositoryImpl.class
com/u2ware/springfield/repository/QueryMethod.class
com/u2ware/springfield/view/xls/XlsView.class
com/u2ware/springfield/config/GenericMvcBeanDefinitionRegistrar.class
com/u2ware/springfield/view/GenericViewResolver.class
com/u2ware/springfield/view/download/DownloadView.class
com/u2ware/springfield/config/GenericMvcBeanDefinitionConfiguration$GenericMvcConfig.class
com/u2ware/springfield/config/RequestMappingPatternResolverBean.class
com/u2ware/springfield/service/ValidationGroup.class
com/u2ware/springfield/controller/ErrorDto.class
com/u2ware/springfield/view/xml/XmlView.class
com/u2ware/springfield/config/GenericMvcAutoConfigurationRegistar.class
com/u2ware/springfield/config/GenericMvc$Service.class
com/u2ware/springfield/service/GenericService.class
com/u2ware/springfield/view/upload/UploadView.class
com/u2ware/springfield/controller/GenericHandlerMapping.class
com/u2ware/springfield/config/GenericMvcBeanDefinitionConfigurationSource.class
com/u2ware/springfield/repository/QueryMethodExecutor.class
com/u2ware/springfield/view/html/HtmlView.class
com/u2ware/springfield/controller/GenericController.class
com/u2ware/springfield/config/GenericMvcBeanDefinitionParser.class
com/u2ware/springfield/service/ValidationException.class
com/u2ware/springfield/repository/GenericRepository.class
com/u2ware/springfield/config/GenericMvc$Repository.class
com/u2ware/springfield/config/GenericMvc$Controller.class
com/u2ware/springfield/controller/GenericControllerImpl.class
com/u2ware/springfield/view/GenericView.class
com/u2ware/springfield/repository/QueryMethodPredicate.class
com/u2ware/springfield/service/ValidationMessageInterpolator$ValidationMessage.class
com/u2ware/springfield/service/ValidationGroup$Read.class
com/u2ware/springfield/repository/QueryMethodUtil$1.class
com/u2ware/springfield/service/ValidationMessageInterpolator.class
com/u2ware/springfield/config/GenericMvcAutoConfiguration.class
com/u2ware/springfield/config/ResourcePatternResolverBean.class
com/u2ware/springfield/config/RequestMappingPatternResolverBean$1.class
com/u2ware/springfield/config/GenericMvcBeanDefinitionConfiguration.class
