/Users/U2ware/Dropbox/Develop/u2ware/com.u2ware.springfield-1.6.0/src/main/java/com/u2ware/springfield/repository/QueryMethodUtil.java
/Users/U2ware/Dropbox/Develop/u2ware/com.u2ware.springfield-1.6.0/src/main/java/com/u2ware/springfield/view/download/DownloadView.java
/Users/U2ware/Dropbox/Develop/u2ware/com.u2ware.springfield-1.6.0/src/main/java/com/u2ware/springfield/config/GenericMvcBeanDefinitionParser.java
/Users/U2ware/Dropbox/Develop/u2ware/com.u2ware.springfield-1.6.0/src/main/java/com/u2ware/springfield/config/GenericMvcBeanDefinitionRegistrar.java
/Users/U2ware/Dropbox/Develop/u2ware/com.u2ware.springfield-1.6.0/src/main/java/com/u2ware/springfield/config/GenericMvcConfiguration.java
/Users/U2ware/Dropbox/Develop/u2ware/com.u2ware.springfield-1.6.0/src/main/java/com/u2ware/springfield/config/GenericMvcBeanDefinitionConfigurationSource.java
/Users/U2ware/Dropbox/Develop/u2ware/com.u2ware.springfield-1.6.0/src/main/java/com/u2ware/springfield/config/SpringfieldNameSpaceHandler.java
/Users/U2ware/Dropbox/Develop/u2ware/com.u2ware.springfield-1.6.0/src/main/java/com/u2ware/springfield/service/GenericService.java
/Users/U2ware/Dropbox/Develop/u2ware/com.u2ware.springfield-1.6.0/src/main/java/com/u2ware/springfield/config/GenericMvcBeanDefinitionConfiguration.java
/Users/U2ware/Dropbox/Develop/u2ware/com.u2ware.springfield-1.6.0/src/main/java/com/u2ware/springfield/config/ResourcePatternResolverBean.java
/Users/U2ware/Dropbox/Develop/u2ware/com.u2ware.springfield-1.6.0/src/main/java/com/u2ware/springfield/service/ValidationGroup.java
/Users/U2ware/Dropbox/Develop/u2ware/com.u2ware.springfield-1.6.0/src/main/java/com/u2ware/springfield/view/xml/XmlView.java
/Users/U2ware/Dropbox/Develop/u2ware/com.u2ware.springfield-1.6.0/src/main/java/com/u2ware/springfield/service/ValidationException.java
/Users/U2ware/Dropbox/Develop/u2ware/com.u2ware.springfield-1.6.0/src/main/java/com/u2ware/springfield/view/GenericViewResolver.java
/Users/U2ware/Dropbox/Develop/u2ware/com.u2ware.springfield-1.6.0/src/main/java/com/u2ware/springfield/config/RequestMappingPatternResolverBean.java
/Users/U2ware/Dropbox/Develop/u2ware/com.u2ware.springfield-1.6.0/src/main/java/com/u2ware/springfield/controller/GenericControllerImpl.java
/Users/U2ware/Dropbox/Develop/u2ware/com.u2ware.springfield-1.6.0/src/main/java/com/u2ware/springfield/controller/GenericController.java
/Users/U2ware/Dropbox/Develop/u2ware/com.u2ware.springfield-1.6.0/src/main/java/com/u2ware/springfield/view/html/HtmlView.java
/Users/U2ware/Dropbox/Develop/u2ware/com.u2ware.springfield-1.6.0/src/main/java/com/u2ware/springfield/repository/QueryMethodPredicate.java
/Users/U2ware/Dropbox/Develop/u2ware/com.u2ware.springfield-1.6.0/src/main/java/com/u2ware/springfield/repository/GenericRepository.java
/Users/U2ware/Dropbox/Develop/u2ware/com.u2ware.springfield-1.6.0/src/main/java/com/u2ware/springfield/controller/ErrorDto.java
/Users/U2ware/Dropbox/Develop/u2ware/com.u2ware.springfield-1.6.0/src/main/java/com/u2ware/springfield/config/GenericMvcAutoConfiguration.java
/Users/U2ware/Dropbox/Develop/u2ware/com.u2ware.springfield-1.6.0/src/main/java/com/u2ware/springfield/controller/package-info.java
/Users/U2ware/Dropbox/Develop/u2ware/com.u2ware.springfield-1.6.0/src/main/java/com/u2ware/springfield/config/GenericMvcAutoConfigurationRegistar.java
/Users/U2ware/Dropbox/Develop/u2ware/com.u2ware.springfield-1.6.0/src/main/java/com/u2ware/springfield/view/upload/UploadView.java
/Users/U2ware/Dropbox/Develop/u2ware/com.u2ware.springfield-1.6.0/src/main/java/com/u2ware/springfield/repository/package-info.java
/Users/U2ware/Dropbox/Develop/u2ware/com.u2ware.springfield-1.6.0/src/main/java/com/u2ware/springfield/view/xls/XlsView.java
/Users/U2ware/Dropbox/Develop/u2ware/com.u2ware.springfield-1.6.0/src/main/java/com/u2ware/springfield/repository/QueryMethod.java
/Users/U2ware/Dropbox/Develop/u2ware/com.u2ware.springfield-1.6.0/src/main/java/com/u2ware/springfield/config/package-info.java
/Users/U2ware/Dropbox/Develop/u2ware/com.u2ware.springfield-1.6.0/src/main/java/com/u2ware/springfield/package-info.java
/Users/U2ware/Dropbox/Develop/u2ware/com.u2ware.springfield-1.6.0/src/main/java/com/u2ware/springfield/view/GenericView.java
/Users/U2ware/Dropbox/Develop/u2ware/com.u2ware.springfield-1.6.0/src/main/java/com/u2ware/springfield/config/EnableGenericMvc.java
/Users/U2ware/Dropbox/Develop/u2ware/com.u2ware.springfield-1.6.0/src/main/java/com/u2ware/springfield/service/ValidationMessageInterpolator.java
/Users/U2ware/Dropbox/Develop/u2ware/com.u2ware.springfield-1.6.0/src/main/java/com/u2ware/springfield/service/package-info.java
/Users/U2ware/Dropbox/Develop/u2ware/com.u2ware.springfield-1.6.0/src/main/java/com/u2ware/springfield/config/GenericMvc.java
/Users/U2ware/Dropbox/Develop/u2ware/com.u2ware.springfield-1.6.0/src/main/java/com/u2ware/springfield/controller/GenericHandlerMapping.java
/Users/U2ware/Dropbox/Develop/u2ware/com.u2ware.springfield-1.6.0/src/main/java/com/u2ware/springfield/service/GenericServiceImpl.java
/Users/U2ware/Dropbox/Develop/u2ware/com.u2ware.springfield-1.6.0/src/main/java/com/u2ware/springfield/repository/GenericRepositoryImpl.java
/Users/U2ware/Dropbox/Develop/u2ware/com.u2ware.springfield-1.6.0/src/main/java/com/u2ware/springfield/view/json/JsonView.java
/Users/U2ware/Dropbox/Develop/u2ware/com.u2ware.springfield-1.6.0/src/main/java/com/u2ware/springfield/repository/QueryMethodExecutor.java
