sample/application/house/HouseRepository.class
sample/ApplicationControllerTest.class
com/u2ware/springfield/repository/support/SpringJpaBaseConfigurationRegistrar.class
sample/application/phonebook/Phone.class
com/u2ware/springfield/service/GenericServiceTestConfig.class
com/u2ware/springfield/service/GenericServiceTest.class
sample/application/house/HouseId.class
sample/application/phonebook/PhoneId.class
com/u2ware/springfield/repository/support/SpringJpaBaseConfigurationTestConfig.class
com/u2ware/springfield/repository/support/SpringJpaBaseConfigurationTest.class
com/u2ware/springfield/repository/GenericRepositoryTest$FindById.class
com/u2ware/springfield/repository/GenericRepositoryTest.class
com/u2ware/springfield/repository/support/SpringJpaRepositoryFactoryBeanTest.class
com/u2ware/springfield/config/GenericMvcBasicTest.class
com/u2ware/springfield/repository/support/SpringJpaBaseConfiguration.class
com/u2ware/springfield/repository/support/SpringJpaRepositoryFactoryBean$EntityRepositoryFactory.class
com/u2ware/springfield/controller/GenericControllerMultipartTest.class
sample/ApplicationBasicTest.class
com/u2ware/springfield/view/GenericViewControllerTestConfig.class
com/u2ware/springfield/repository/support/SpringJpaRepositoryFactoryBean.class
com/u2ware/springfield/repository/support/SpringJpaRepositoryFactoryBeanTestConfig.class
com/u2ware/springfield/controller/GenericControllerUpdateTest.class
com/u2ware/springfield/repository/GenericRepositoryTest$MyQuery.class
com/u2ware/springfield/controller/GenericControllerTestConfig.class
sample/application/house/HouseDto.class
com/u2ware/springfield/repository/GenericRepositoryTestConfig.class
com/u2ware/springfield/controller/GenericControllerFindTest.class
com/u2ware/springfield/config/GenericMvcRepositoryTest.class
sample/application/consumer/Consumer.class
com/u2ware/springfield/view/GenericViewControllerTest.class
com/u2ware/springfield/controller/GenericControllerReadTest.class
com/u2ware/springfield/controller/GenericControllerCreateTest.class
com/u2ware/springfield/config/GenericMvcContorllerTest.class
sample/application/house/House.class
sample/Application.class
com/u2ware/springfield/config/GenericMvcBasicTestConfig.class
sample/application/phonebook/PhoneBook.class
sample/application/desk/Desk.class
sample/application/desk/DeskRepository.class
com/u2ware/springfield/controller/GenericControllerDeleteTest.class
com/u2ware/springfield/config/GenericMvcServiceTest.class
com/u2ware/springfield/repository/support/EnableSpringJpaBaseConfiguration.class
