/Users/U2ware/Dropbox/Develop/u2ware/com.u2ware.springfield-1.6.0/src/test/java/com/u2ware/springfield/repository/support/SpringJpaRepositoryFactoryBeanTest.java
/Users/U2ware/Dropbox/Develop/u2ware/com.u2ware.springfield-1.6.0/src/test/java/com/u2ware/springfield/service/GenericServiceTest.java
/Users/U2ware/Dropbox/Develop/u2ware/com.u2ware.springfield-1.6.0/src/test/java/sample/application/consumer/Consumer.java
/Users/U2ware/Dropbox/Develop/u2ware/com.u2ware.springfield-1.6.0/src/test/java/sample/application/desk/Desk.java
/Users/U2ware/Dropbox/Develop/u2ware/com.u2ware.springfield-1.6.0/src/test/java/sample/Application.java
/Users/U2ware/Dropbox/Develop/u2ware/com.u2ware.springfield-1.6.0/src/test/java/sample/ApplicationControllerTest.java
/Users/U2ware/Dropbox/Develop/u2ware/com.u2ware.springfield-1.6.0/src/test/java/com/u2ware/springfield/controller/GenericControllerCreateTest.java
/Users/U2ware/Dropbox/Develop/u2ware/com.u2ware.springfield-1.6.0/src/test/java/com/u2ware/springfield/repository/support/SpringJpaRepositoryFactoryBeanTestConfig.java
/Users/U2ware/Dropbox/Develop/u2ware/com.u2ware.springfield-1.6.0/src/test/java/sample/application/phonebook/PhoneId.java
/Users/U2ware/Dropbox/Develop/u2ware/com.u2ware.springfield-1.6.0/src/test/java/com/u2ware/springfield/controller/GenericControllerFindTest.java
/Users/U2ware/Dropbox/Develop/u2ware/com.u2ware.springfield-1.6.0/src/test/java/com/u2ware/springfield/view/GenericViewControllerTest.java
/Users/U2ware/Dropbox/Develop/u2ware/com.u2ware.springfield-1.6.0/src/test/java/sample/application/house/HouseDto.java
/Users/U2ware/Dropbox/Develop/u2ware/com.u2ware.springfield-1.6.0/src/test/java/sample/application/house/House.java
/Users/U2ware/Dropbox/Develop/u2ware/com.u2ware.springfield-1.6.0/src/test/java/com/u2ware/springfield/config/GenericMvcBasicTest.java
/Users/U2ware/Dropbox/Develop/u2ware/com.u2ware.springfield-1.6.0/src/test/java/sample/application/phonebook/PhoneBook.java
/Users/U2ware/Dropbox/Develop/u2ware/com.u2ware.springfield-1.6.0/src/test/java/sample/application/house/HouseRepository.java
/Users/U2ware/Dropbox/Develop/u2ware/com.u2ware.springfield-1.6.0/src/test/java/com/u2ware/springfield/repository/support/SpringJpaBaseConfigurationTest.java
/Users/U2ware/Dropbox/Develop/u2ware/com.u2ware.springfield-1.6.0/src/test/java/sample/ApplicationBasicTest.java
/Users/U2ware/Dropbox/Develop/u2ware/com.u2ware.springfield-1.6.0/src/test/java/sample/application/desk/DeskRepository.java
/Users/U2ware/Dropbox/Develop/u2ware/com.u2ware.springfield-1.6.0/src/test/java/com/u2ware/springfield/repository/support/SpringJpaRepositoryFactoryBean.java
/Users/U2ware/Dropbox/Develop/u2ware/com.u2ware.springfield-1.6.0/src/test/java/com/u2ware/springfield/controller/GenericControllerTestConfig.java
/Users/U2ware/Dropbox/Develop/u2ware/com.u2ware.springfield-1.6.0/src/test/java/com/u2ware/springfield/view/GenericViewControllerTestConfig.java
/Users/U2ware/Dropbox/Develop/u2ware/com.u2ware.springfield-1.6.0/src/test/java/sample/application/house/HouseId.java
/Users/U2ware/Dropbox/Develop/u2ware/com.u2ware.springfield-1.6.0/src/test/java/com/u2ware/springfield/repository/support/SpringJpaBaseConfiguration.java
/Users/U2ware/Dropbox/Develop/u2ware/com.u2ware.springfield-1.6.0/src/test/java/com/u2ware/springfield/repository/GenericRepositoryTest.java
/Users/U2ware/Dropbox/Develop/u2ware/com.u2ware.springfield-1.6.0/src/test/java/com/u2ware/springfield/repository/support/SpringJpaBaseConfigurationRegistrar.java
/Users/U2ware/Dropbox/Develop/u2ware/com.u2ware.springfield-1.6.0/src/test/java/com/u2ware/springfield/repository/support/SpringJpaBaseConfigurationTestConfig.java
/Users/U2ware/Dropbox/Develop/u2ware/com.u2ware.springfield-1.6.0/src/test/java/com/u2ware/springfield/controller/GenericControllerReadTest.java
/Users/U2ware/Dropbox/Develop/u2ware/com.u2ware.springfield-1.6.0/src/test/java/com/u2ware/springfield/repository/support/EnableSpringJpaBaseConfiguration.java
/Users/U2ware/Dropbox/Develop/u2ware/com.u2ware.springfield-1.6.0/src/test/java/com/u2ware/springfield/config/GenericMvcServiceTest.java
/Users/U2ware/Dropbox/Develop/u2ware/com.u2ware.springfield-1.6.0/src/test/java/com/u2ware/springfield/controller/GenericControllerDeleteTest.java
/Users/U2ware/Dropbox/Develop/u2ware/com.u2ware.springfield-1.6.0/src/test/java/sample/application/phonebook/Phone.java
/Users/U2ware/Dropbox/Develop/u2ware/com.u2ware.springfield-1.6.0/src/test/java/com/u2ware/springfield/config/GenericMvcRepositoryTest.java
/Users/U2ware/Dropbox/Develop/u2ware/com.u2ware.springfield-1.6.0/src/test/java/com/u2ware/springfield/repository/GenericRepositoryTestConfig.java
/Users/U2ware/Dropbox/Develop/u2ware/com.u2ware.springfield-1.6.0/src/test/java/com/u2ware/springfield/config/GenericMvcBasicTestConfig.java
/Users/U2ware/Dropbox/Develop/u2ware/com.u2ware.springfield-1.6.0/src/test/java/com/u2ware/springfield/controller/GenericControllerUpdateTest.java
/Users/U2ware/Dropbox/Develop/u2ware/com.u2ware.springfield-1.6.0/src/test/java/com/u2ware/springfield/service/GenericServiceTestConfig.java
/Users/U2ware/Dropbox/Develop/u2ware/com.u2ware.springfield-1.6.0/src/test/java/com/u2ware/springfield/config/GenericMvcContorllerTest.java
/Users/U2ware/Dropbox/Develop/u2ware/com.u2ware.springfield-1.6.0/src/test/java/com/u2ware/springfield/controller/GenericControllerMultipartTest.java
